// Jest Snapshot v1, https://goo.gl/fbAQLP

exports[`RangeSlider should render correctly 1`] = `
<DocumentFragment>
  <div
    class="MuiGrid-root MuiGrid-container css-fvth8m-MuiGrid-root"
  >
    <div
      class="MuiGrid-root css-1y7x7wc-MuiGrid-root"
    >
      title
    </div>
    <div
      class="MuiGrid-root MuiGrid-container css-1u2cepy-MuiGrid-root"
    >
      <span
        class="MuiSlider-root MuiSlider-marked MuiSlider-colorPrimary MuiSlider-sizeMedium css-1fdx4to-MuiSlider-root"
      >
        <span
          class="MuiSlider-rail css-14pt78w-MuiSlider-rail"
        />
        <span
          class="MuiSlider-track css-1gv0vcd-MuiSlider-track"
          style="left: 0%; width: 0%;"
        />
        <span
          class="MuiSlider-mark MuiSlider-markActive css-6cwnna-MuiSlider-mark"
          data-index="0"
          style="left: 0%;"
        />
        <span
          aria-hidden="true"
          class="MuiSlider-markLabel MuiSlider-markLabelActive css-1eoe787-MuiSlider-markLabel"
          data-index="0"
          style="left: 0%;"
        >
          0
        </span>
        <span
          class="MuiSlider-mark css-1tfve6q-MuiSlider-mark"
          data-index="1"
          style="left: 100%;"
        />
        <span
          aria-hidden="true"
          class="MuiSlider-markLabel css-yafthl-MuiSlider-markLabel"
          data-index="1"
          style="left: 100%;"
        >
          100
        </span>
        <span
          class="MuiSlider-thumb MuiSlider-thumbSizeMedium MuiSlider-thumbColorPrimary css-eg0mwd-MuiSlider-thumb"
          data-focusvisible="false"
          data-index="0"
          style="left: 0%; pointer-events: none;"
        >
          <input
            aria-orientation="horizontal"
            aria-valuemax="100"
            aria-valuemin="0"
            aria-valuenow="0"
            data-index="0"
            max="100"
            min="0"
            step="1"
            style="border: 0px; height: 100%; margin: -1px; overflow: hidden; padding: 0px; position: absolute; white-space: nowrap; width: 100%; direction: ltr;"
            type="range"
            value="0"
          />
          <span
            aria-hidden="true"
            class="MuiSlider-valueLabel css-nnid7-MuiSlider-valueLabel"
          >
            <span
              class="MuiSlider-valueLabelCircle"
            >
              <span
                class="MuiSlider-valueLabelLabel"
              >
                0
              </span>
            </span>
          </span>
        </span>
      </span>
      <div
        class="MuiGrid-root MuiGrid-container css-fvskug-MuiGrid-root"
      >
        0
      </div>
    </div>
  </div>
</DocumentFragment>
`;
