// Jest Snapshot v1, https://goo.gl/fbAQLP

exports[`FileUpload should render correctly 1`] = `
<DocumentFragment>
  <div
    class="MuiFormControl-root MuiTextField-root css-1qf7f8o-MuiFormControl-root-MuiTextField-root"
  >
    <div
      class="MuiInputBase-root MuiOutlinedInput-root MuiInputBase-colorPrimary MuiInputBase-formControl css-9ddj71-MuiInputBase-root-MuiOutlinedInput-root"
    >
      <input
        aria-invalid="false"
        class="MuiInputBase-input MuiOutlinedInput-input css-1t8l2tu-MuiInputBase-input-MuiOutlinedInput-input"
        data-testid="file"
        id="file"
        type="file"
        value=""
      />
      <fieldset
        aria-hidden="true"
        class="MuiOutlinedInput-notchedOutline css-1d3z3hw-MuiOutlinedInput-notchedOutline"
      >
        <legend
          class="css-ihdtdm"
        >
          <span
            class="notranslate"
          >
            â€‹
          </span>
        </legend>
      </fieldset>
    </div>
  </div>
  <div
    class="MuiGrid-root css-1onjoz5-MuiGrid-root"
  >
    title
  </div>
</DocumentFragment>
`;
